25-12-17.14:52:46.353 [main            ] INFO  StrategyRepositoryTest - Starting StrategyRepositoryTest using Java 17.0.10 on LAPTOP-M7AUHHUL with PID 18168 (started by OMEN in E:\IDEA projects\big_market\big_market-app)
25-12-17.14:52:46.354 [main            ] INFO  StrategyRepositoryTest - The following 1 profile is active: "dev"
25-12-17.14:52:47.624 [main            ] INFO  RepositoryConfigurationDelegate - Multiple Spring Data modules found, entering strict repository configuration mode
25-12-17.14:52:47.627 [main            ] INFO  RepositoryConfigurationDelegate - Bootstrapping Spring Data Redis repositories in DEFAULT mode.
25-12-17.14:52:47.657 [main            ] INFO  RepositoryConfigurationDelegate - Finished Spring Data repository scanning in 12 ms. Found 0 Redis repository interfaces.
25-12-17.14:52:48.801 [main            ] INFO  Version                - Redisson 3.23.4
25-12-17.14:52:49.126 [redisson-netty-2-4] INFO  MasterPubSubConnectionPool - 1 connections initialized for 127.0.0.1/127.0.0.1:16379
25-12-17.14:52:49.142 [redisson-netty-2-13] INFO  MasterConnectionPool   - 5 connections initialized for 127.0.0.1/127.0.0.1:16379
25-12-17.14:52:51.004 [main            ] INFO  EndpointLinksResolver  - Exposing 1 endpoint(s) beneath base path '/actuator'
25-12-17.14:52:51.079 [main            ] INFO  StrategyRepositoryTest - Started StrategyRepositoryTest in 5.11 seconds (JVM running for 5.976)
25-12-17.14:52:51.767 [main            ] INFO  HikariDataSource       - HikariPool-1 - Starting...
25-12-17.14:52:52.107 [main            ] INFO  HikariDataSource       - HikariPool-1 - Start completed.
25-12-17.14:52:52.391 [main            ] INFO  StrategyRepositoryTest - 测试结果：{"treeDesc":"规则树","treeId":"tree_lock","treeName":"规则树","treeNodeMap":{"rule_lock":{"ruleDesc":"限定用户已完成N次抽奖后解锁","ruleKey":"rule_lock","ruleValue":"1","treeId":"tree_lock"},"rule_stock":{"ruleDesc":"库存扣减规则","ruleKey":"rule_stock","treeId":"tree_lock"},"rule_luck_award":{"ruleDesc":"兜底奖品随机积分","ruleKey":"rule_luck_award","ruleValue":"1,100","treeId":"tree_lock"}},"treeRootRuleNode":"rule_lock"}
25-12-17.14:52:52.421 [SpringApplicationShutdownHook] INFO  HikariDataSource       - HikariPool-1 - Shutdown initiated...
25-12-17.14:52:52.430 [SpringApplicationShutdownHook] INFO  HikariDataSource       - HikariPool-1 - Shutdown completed.
25-12-17.15:01:26.064 [main            ] INFO  RaffleStrategyTest     - Starting RaffleStrategyTest using Java 17.0.10 on LAPTOP-M7AUHHUL with PID 18912 (started by OMEN in E:\IDEA projects\big_market\big_market-app)
25-12-17.15:01:26.064 [main            ] INFO  RaffleStrategyTest     - The following 1 profile is active: "dev"
25-12-17.15:01:26.639 [main            ] INFO  RepositoryConfigurationDelegate - Multiple Spring Data modules found, entering strict repository configuration mode
25-12-17.15:01:26.643 [main            ] INFO  RepositoryConfigurationDelegate - Bootstrapping Spring Data Redis repositories in DEFAULT mode.
25-12-17.15:01:26.669 [main            ] INFO  RepositoryConfigurationDelegate - Finished Spring Data repository scanning in 14 ms. Found 0 Redis repository interfaces.
25-12-17.15:01:27.616 [main            ] INFO  Version                - Redisson 3.23.4
25-12-17.15:01:27.893 [redisson-netty-2-5] INFO  MasterPubSubConnectionPool - 1 connections initialized for 127.0.0.1/127.0.0.1:16379
25-12-17.15:01:27.908 [redisson-netty-2-13] INFO  MasterConnectionPool   - 5 connections initialized for 127.0.0.1/127.0.0.1:16379
25-12-17.15:01:29.265 [main            ] INFO  EndpointLinksResolver  - Exposing 1 endpoint(s) beneath base path '/actuator'
25-12-17.15:01:29.314 [main            ] INFO  RaffleStrategyTest     - Started RaffleStrategyTest in 3.603 seconds (JVM running for 4.232)
25-12-17.15:01:29.694 [main            ] INFO  HikariDataSource       - HikariPool-1 - Starting...
25-12-17.15:01:29.896 [main            ] INFO  HikariDataSource       - HikariPool-1 - Start completed.
25-12-17.15:01:29.965 [main            ] INFO  StrategyRepository     - storeStrategyAwardSearchTables set key: big_market_strategy_rate_range_key_100001
25-12-17.15:01:30.085 [main            ] INFO  StrategyRepository     - storeStrategyAwardSearchTables set key: big_market_strategy_rate_range_key_100001
25-12-17.15:01:30.152 [main            ] INFO  StrategyRepository     - storeStrategyAwardSearchTables set key: big_market_strategy_rate_range_key_100001
25-12-17.15:01:30.249 [SpringApplicationShutdownHook] INFO  HikariDataSource       - HikariPool-1 - Shutdown initiated...
25-12-17.15:01:30.261 [SpringApplicationShutdownHook] INFO  HikariDataSource       - HikariPool-1 - Shutdown completed.
25-12-17.15:03:35.638 [main            ] INFO  RaffleStrategyTest     - Starting RaffleStrategyTest using Java 17.0.10 on LAPTOP-M7AUHHUL with PID 22784 (started by OMEN in E:\IDEA projects\big_market\big_market-app)
25-12-17.15:03:35.639 [main            ] INFO  RaffleStrategyTest     - The following 1 profile is active: "dev"
25-12-17.15:03:36.206 [main            ] INFO  RepositoryConfigurationDelegate - Multiple Spring Data modules found, entering strict repository configuration mode
25-12-17.15:03:36.208 [main            ] INFO  RepositoryConfigurationDelegate - Bootstrapping Spring Data Redis repositories in DEFAULT mode.
25-12-17.15:03:36.233 [main            ] INFO  RepositoryConfigurationDelegate - Finished Spring Data repository scanning in 13 ms. Found 0 Redis repository interfaces.
25-12-17.15:03:37.057 [main            ] INFO  Version                - Redisson 3.23.4
25-12-17.15:03:37.328 [redisson-netty-2-4] INFO  MasterPubSubConnectionPool - 1 connections initialized for 127.0.0.1/127.0.0.1:16379
25-12-17.15:03:37.342 [redisson-netty-2-13] INFO  MasterConnectionPool   - 5 connections initialized for 127.0.0.1/127.0.0.1:16379
25-12-17.15:03:38.905 [main            ] INFO  EndpointLinksResolver  - Exposing 1 endpoint(s) beneath base path '/actuator'
25-12-17.15:03:38.958 [main            ] INFO  RaffleStrategyTest     - Started RaffleStrategyTest in 3.691 seconds (JVM running for 4.375)
25-12-17.15:03:39.410 [main            ] INFO  StrategyRepository     - storeStrategyAwardSearchTables set key: big_market_strategy_rate_range_key_100001
25-12-17.15:03:39.516 [main            ] INFO  HikariDataSource       - HikariPool-1 - Starting...
25-12-17.15:03:39.836 [main            ] INFO  HikariDataSource       - HikariPool-1 - Start completed.
25-12-17.15:03:39.877 [main            ] INFO  StrategyRepository     - storeStrategyAwardSearchTables set key: big_market_strategy_rate_range_key_100001
25-12-17.15:03:39.915 [main            ] INFO  StrategyRepository     - storeStrategyAwardSearchTables set key: big_market_strategy_rate_range_key_100001
25-12-17.15:03:39.976 [SpringApplicationShutdownHook] INFO  HikariDataSource       - HikariPool-1 - Shutdown initiated...
25-12-17.15:03:39.994 [SpringApplicationShutdownHook] INFO  HikariDataSource       - HikariPool-1 - Shutdown completed.
25-12-17.15:03:54.314 [main            ] INFO  RaffleStrategyTest     - Starting RaffleStrategyTest using Java 17.0.10 on LAPTOP-M7AUHHUL with PID 20220 (started by OMEN in E:\IDEA projects\big_market\big_market-app)
25-12-17.15:03:54.315 [main            ] INFO  RaffleStrategyTest     - The following 1 profile is active: "dev"
25-12-17.15:03:55.004 [main            ] INFO  RepositoryConfigurationDelegate - Multiple Spring Data modules found, entering strict repository configuration mode
25-12-17.15:03:55.007 [main            ] INFO  RepositoryConfigurationDelegate - Bootstrapping Spring Data Redis repositories in DEFAULT mode.
25-12-17.15:03:55.030 [main            ] INFO  RepositoryConfigurationDelegate - Finished Spring Data repository scanning in 12 ms. Found 0 Redis repository interfaces.
25-12-17.15:03:56.043 [main            ] INFO  Version                - Redisson 3.23.4
25-12-17.15:03:56.390 [redisson-netty-2-4] INFO  MasterPubSubConnectionPool - 1 connections initialized for 127.0.0.1/127.0.0.1:16379
25-12-17.15:03:56.409 [redisson-netty-2-13] INFO  MasterConnectionPool   - 5 connections initialized for 127.0.0.1/127.0.0.1:16379
25-12-17.15:03:58.309 [main            ] INFO  EndpointLinksResolver  - Exposing 1 endpoint(s) beneath base path '/actuator'
25-12-17.15:03:58.375 [main            ] INFO  RaffleStrategyTest     - Started RaffleStrategyTest in 4.425 seconds (JVM running for 5.545)
25-12-17.15:06:12.061 [main            ] INFO  RaffleStrategyTest     - Starting RaffleStrategyTest using Java 17.0.10 on LAPTOP-M7AUHHUL with PID 29404 (started by OMEN in E:\IDEA projects\big_market\big_market-app)
25-12-17.15:06:12.063 [main            ] INFO  RaffleStrategyTest     - The following 1 profile is active: "dev"
25-12-17.15:06:12.690 [main            ] INFO  RepositoryConfigurationDelegate - Multiple Spring Data modules found, entering strict repository configuration mode
25-12-17.15:06:12.692 [main            ] INFO  RepositoryConfigurationDelegate - Bootstrapping Spring Data Redis repositories in DEFAULT mode.
25-12-17.15:06:12.718 [main            ] INFO  RepositoryConfigurationDelegate - Finished Spring Data repository scanning in 13 ms. Found 0 Redis repository interfaces.
25-12-17.15:06:13.582 [main            ] INFO  Version                - Redisson 3.23.4
25-12-17.15:06:13.918 [redisson-netty-2-4] INFO  MasterPubSubConnectionPool - 1 connections initialized for 127.0.0.1/127.0.0.1:16379
25-12-17.15:06:13.936 [redisson-netty-2-13] INFO  MasterConnectionPool   - 5 connections initialized for 127.0.0.1/127.0.0.1:16379
25-12-17.15:06:15.304 [main            ] INFO  EndpointLinksResolver  - Exposing 1 endpoint(s) beneath base path '/actuator'
25-12-17.15:06:15.354 [main            ] INFO  RaffleStrategyTest     - Started RaffleStrategyTest in 3.616 seconds (JVM running for 4.249)
25-12-17.15:06:15.740 [main            ] INFO  HikariDataSource       - HikariPool-1 - Starting...
25-12-17.15:06:15.943 [main            ] INFO  HikariDataSource       - HikariPool-1 - Start completed.
25-12-17.15:06:16.006 [main            ] INFO  StrategyRepository     - storeStrategyAwardSearchTables set key: big_market_strategy_rate_range_key_100001
25-12-17.15:06:16.107 [main            ] INFO  StrategyRepository     - storeStrategyAwardSearchTables set key: big_market_strategy_rate_range_key_100001_4000:102,103,104,105
25-12-17.15:06:16.110 [main            ] INFO  StrategyRepository     - storeStrategyAwardSearchTables set key: big_market_strategy_rate_range_key_100001_5000:102,103,104,105,106,107
25-12-17.15:06:16.115 [main            ] INFO  StrategyRepository     - storeStrategyAwardSearchTables set key: big_market_strategy_rate_range_key_100001_6000:102,103,104,105,106,107,108,109
25-12-17.15:06:16.135 [main            ] INFO  RaffleStrategyTest     - 测试结果：true
25-12-17.15:06:16.141 [main            ] INFO  StrategyRepository     - storeStrategyAwardSearchTables set key: big_market_strategy_rate_range_key_100006
25-12-17.15:06:16.146 [main            ] INFO  RaffleStrategyTest     - 测试结果：true
25-12-17.15:06:16.155 [main            ] INFO  BlackListLogicChain    - 抽奖责任链 - 黑名单开始 userId: user003 strategyId: 100001 ruleModel: rule_blacklist
25-12-17.15:06:16.187 [main            ] INFO  BlackListLogicChain    - 抽奖责任链 - 黑名单接管 userId: user003 strategyId: 100001 ruleModel: rule_blacklist awardId: 100
25-12-17.15:06:16.188 [main            ] INFO  AbstractRaffleStrategy - 抽奖策略计算 - 责任链 user003 100001 100 rule_blacklist
25-12-17.15:06:16.377 [main            ] INFO  RaffleStrategyTest     - 请求参数：{"strategyId":100001,"userId":"user003"}
25-12-17.15:06:16.380 [main            ] INFO  RaffleStrategyTest     - 测试结果：{"awardId":100}
25-12-17.15:06:16.393 [main            ] INFO  StrategyRepository     - storeStrategyAwardSearchTables set key: big_market_strategy_rate_range_key_100001
25-12-17.15:06:16.423 [main            ] INFO  StrategyRepository     - storeStrategyAwardSearchTables set key: big_market_strategy_rate_range_key_100001_4000:102,103,104,105
25-12-17.15:06:16.425 [main            ] INFO  StrategyRepository     - storeStrategyAwardSearchTables set key: big_market_strategy_rate_range_key_100001_5000:102,103,104,105,106,107
25-12-17.15:06:16.429 [main            ] INFO  StrategyRepository     - storeStrategyAwardSearchTables set key: big_market_strategy_rate_range_key_100001_6000:102,103,104,105,106,107,108,109
25-12-17.15:06:16.439 [main            ] INFO  RaffleStrategyTest     - 测试结果：true
25-12-17.15:06:16.443 [main            ] INFO  StrategyRepository     - storeStrategyAwardSearchTables set key: big_market_strategy_rate_range_key_100006
25-12-17.15:06:16.445 [main            ] INFO  RaffleStrategyTest     - 测试结果：true
25-12-17.15:06:16.449 [main            ] INFO  BlackListLogicChain    - 抽奖责任链 - 黑名单开始 userId: CongXinn strategyId: 100003 ruleModel: rule_blacklist
25-12-17.15:06:16.467 [main            ] INFO  StrategyRepository     - storeStrategyAwardSearchTables set key: big_market_strategy_rate_range_key_100001
25-12-17.15:06:16.501 [main            ] INFO  StrategyRepository     - storeStrategyAwardSearchTables set key: big_market_strategy_rate_range_key_100001_4000:102,103,104,105
25-12-17.15:06:16.503 [main            ] INFO  StrategyRepository     - storeStrategyAwardSearchTables set key: big_market_strategy_rate_range_key_100001_5000:102,103,104,105,106,107
25-12-17.15:06:16.506 [main            ] INFO  StrategyRepository     - storeStrategyAwardSearchTables set key: big_market_strategy_rate_range_key_100001_6000:102,103,104,105,106,107,108,109
25-12-17.15:06:16.519 [main            ] INFO  RaffleStrategyTest     - 测试结果：true
25-12-17.15:06:16.522 [main            ] INFO  StrategyRepository     - storeStrategyAwardSearchTables set key: big_market_strategy_rate_range_key_100006
25-12-17.15:06:16.524 [main            ] INFO  RaffleStrategyTest     - 测试结果：true
25-12-17.15:06:16.526 [main            ] INFO  StrategyRepository     - getRateRange get key: big_market_strategy_rate_range_key_100006, value: {}
25-12-17.15:06:16.529 [main            ] INFO  DefaultLogicChain      - 抽奖责任链 - 默认处理 userId: CongXinn strategyId: 100006, awardId: 102
25-12-17.15:06:16.530 [main            ] INFO  AbstractRaffleStrategy - 抽奖策略计算 - 责任链 CongXinn 100006 102 rule_default
25-12-17.15:06:16.576 [SpringApplicationShutdownHook] INFO  HikariDataSource       - HikariPool-1 - Shutdown initiated...
25-12-17.15:06:16.586 [SpringApplicationShutdownHook] INFO  HikariDataSource       - HikariPool-1 - Shutdown completed.
25-12-17.15:59:34.005 [main            ] INFO  RaffleStrategyTest     - Starting RaffleStrategyTest using Java 17.0.10 on LAPTOP-M7AUHHUL with PID 16656 (started by OMEN in E:\IDEA projects\big_market\big_market-app)
25-12-17.15:59:34.006 [main            ] INFO  RaffleStrategyTest     - The following 1 profile is active: "dev"
25-12-17.15:59:34.642 [main            ] INFO  RepositoryConfigurationDelegate - Multiple Spring Data modules found, entering strict repository configuration mode
25-12-17.15:59:34.644 [main            ] INFO  RepositoryConfigurationDelegate - Bootstrapping Spring Data Redis repositories in DEFAULT mode.
25-12-17.15:59:34.671 [main            ] INFO  RepositoryConfigurationDelegate - Finished Spring Data repository scanning in 13 ms. Found 0 Redis repository interfaces.
25-12-17.15:59:35.658 [main            ] INFO  Version                - Redisson 3.23.4
25-12-17.15:59:35.981 [redisson-netty-2-4] INFO  MasterPubSubConnectionPool - 1 connections initialized for 127.0.0.1/127.0.0.1:16379
25-12-17.15:59:35.998 [redisson-netty-2-13] INFO  MasterConnectionPool   - 5 connections initialized for 127.0.0.1/127.0.0.1:16379
25-12-17.15:59:37.938 [main            ] INFO  EndpointLinksResolver  - Exposing 1 endpoint(s) beneath base path '/actuator'
25-12-17.15:59:38.019 [main            ] INFO  RaffleStrategyTest     - Started RaffleStrategyTest in 4.379 seconds (JVM running for 5.201)
25-12-17.15:59:43.107 [main            ] INFO  StrategyRepository     - storeStrategyAwardSearchTables set key: big_market_strategy_rate_range_key_100001
25-12-17.15:59:44.822 [main            ] INFO  HikariDataSource       - HikariPool-1 - Starting...
25-12-17.15:59:45.683 [main            ] INFO  HikariDataSource       - HikariPool-1 - Start completed.
25-12-17.15:59:45.809 [main            ] INFO  StrategyRepository     - storeStrategyAwardSearchTables set key: big_market_strategy_rate_range_key_100001_4000:102,103,104,105
25-12-17.15:59:45.814 [main            ] INFO  StrategyRepository     - storeStrategyAwardSearchTables set key: big_market_strategy_rate_range_key_100001_5000:102,103,104,105,106,107
25-12-17.15:59:45.860 [main            ] INFO  StrategyRepository     - storeStrategyAwardSearchTables set key: big_market_strategy_rate_range_key_100001_6000:102,103,104,105,106,107,108,109
25-12-17.15:59:46.626 [main            ] INFO  RaffleStrategyTest     - 测试结果：true
25-12-17.15:59:47.680 [main            ] INFO  StrategyRepository     - storeStrategyAwardSearchTables set key: big_market_strategy_rate_range_key_100006
25-12-17.15:59:47.690 [main            ] INFO  RaffleStrategyTest     - 测试结果：true
25-12-17.15:59:58.348 [main            ] INFO  StrategyRepository     - getRateRange get key: big_market_strategy_rate_range_key_100006, value: {}
25-12-17.15:59:58.353 [main            ] INFO  DefaultLogicChain      - 抽奖责任链 - 默认处理 userId: CongXinn strategyId: 100006, awardId: 102
25-12-17.15:59:58.359 [main            ] INFO  AbstractRaffleStrategy - 抽奖策略计算 - 责任链 CongXinn 100006 102 rule_default
25-12-17.16:00:08.333 [SpringApplicationShutdownHook] INFO  HikariDataSource       - HikariPool-1 - Shutdown initiated...
25-12-17.16:00:08.345 [SpringApplicationShutdownHook] INFO  HikariDataSource       - HikariPool-1 - Shutdown completed.
25-12-17.16:00:16.076 [main            ] INFO  RaffleStrategyTest     - Starting RaffleStrategyTest using Java 17.0.10 on LAPTOP-M7AUHHUL with PID 9508 (started by OMEN in E:\IDEA projects\big_market\big_market-app)
25-12-17.16:00:16.077 [main            ] INFO  RaffleStrategyTest     - The following 1 profile is active: "dev"
25-12-17.16:00:16.723 [main            ] INFO  RepositoryConfigurationDelegate - Multiple Spring Data modules found, entering strict repository configuration mode
25-12-17.16:00:16.725 [main            ] INFO  RepositoryConfigurationDelegate - Bootstrapping Spring Data Redis repositories in DEFAULT mode.
25-12-17.16:00:16.749 [main            ] INFO  RepositoryConfigurationDelegate - Finished Spring Data repository scanning in 12 ms. Found 0 Redis repository interfaces.
25-12-17.16:00:17.744 [main            ] INFO  Version                - Redisson 3.23.4
25-12-17.16:00:18.118 [redisson-netty-2-4] INFO  MasterPubSubConnectionPool - 1 connections initialized for 127.0.0.1/127.0.0.1:16379
25-12-17.16:00:18.134 [redisson-netty-2-13] INFO  MasterConnectionPool   - 5 connections initialized for 127.0.0.1/127.0.0.1:16379
25-12-17.16:00:19.890 [main            ] INFO  EndpointLinksResolver  - Exposing 1 endpoint(s) beneath base path '/actuator'
25-12-17.16:00:19.953 [main            ] INFO  RaffleStrategyTest     - Started RaffleStrategyTest in 4.25 seconds (JVM running for 4.966)
25-12-17.16:00:22.259 [main            ] INFO  StrategyRepository     - storeStrategyAwardSearchTables set key: big_market_strategy_rate_range_key_100001
25-12-17.16:00:22.383 [main            ] INFO  HikariDataSource       - HikariPool-1 - Starting...
25-12-17.16:00:22.704 [main            ] INFO  HikariDataSource       - HikariPool-1 - Start completed.
25-12-17.16:00:22.733 [main            ] INFO  StrategyRepository     - storeStrategyAwardSearchTables set key: big_market_strategy_rate_range_key_100001_4000:102,103,104,105
25-12-17.16:00:22.736 [main            ] INFO  StrategyRepository     - storeStrategyAwardSearchTables set key: big_market_strategy_rate_range_key_100001_5000:102,103,104,105,106,107
25-12-17.16:00:22.739 [main            ] INFO  StrategyRepository     - storeStrategyAwardSearchTables set key: big_market_strategy_rate_range_key_100001_6000:102,103,104,105,106,107,108,109
25-12-17.16:00:22.753 [main            ] INFO  RaffleStrategyTest     - 测试结果：true
25-12-17.16:00:22.757 [main            ] INFO  StrategyRepository     - storeStrategyAwardSearchTables set key: big_market_strategy_rate_range_key_100006
25-12-17.16:00:22.759 [main            ] INFO  RaffleStrategyTest     - 测试结果：true
25-12-17.16:01:11.503 [main            ] INFO  StrategyRepository     - getRateRange get key: big_market_strategy_rate_range_key_100006, value: {}
25-12-17.16:01:12.959 [main            ] INFO  DefaultLogicChain      - 抽奖责任链 - 默认处理 userId: CongXinn strategyId: 100006, awardId: 102
25-12-17.16:01:32.509 [main            ] INFO  AbstractRaffleStrategy - 抽奖策略计算 - 责任链 CongXinn 100006 102 rule_default
25-12-17.16:03:06.712 [SpringApplicationShutdownHook] INFO  HikariDataSource       - HikariPool-1 - Shutdown initiated...
25-12-17.16:03:08.703 [SpringApplicationShutdownHook] INFO  HikariDataSource       - HikariPool-1 - Shutdown completed.
25-12-17.16:03:13.221 [main            ] INFO  RaffleStrategyTest     - Starting RaffleStrategyTest using Java 17.0.10 on LAPTOP-M7AUHHUL with PID 14332 (started by OMEN in E:\IDEA projects\big_market\big_market-app)
25-12-17.16:03:13.221 [main            ] INFO  RaffleStrategyTest     - The following 1 profile is active: "dev"
25-12-17.16:03:13.877 [main            ] INFO  RepositoryConfigurationDelegate - Multiple Spring Data modules found, entering strict repository configuration mode
25-12-17.16:03:13.879 [main            ] INFO  RepositoryConfigurationDelegate - Bootstrapping Spring Data Redis repositories in DEFAULT mode.
25-12-17.16:03:13.906 [main            ] INFO  RepositoryConfigurationDelegate - Finished Spring Data repository scanning in 13 ms. Found 0 Redis repository interfaces.
25-12-17.16:03:14.978 [main            ] INFO  Version                - Redisson 3.23.4
25-12-17.16:03:15.280 [redisson-netty-2-4] INFO  MasterPubSubConnectionPool - 1 connections initialized for 127.0.0.1/127.0.0.1:16379
25-12-17.16:03:15.295 [redisson-netty-2-13] INFO  MasterConnectionPool   - 5 connections initialized for 127.0.0.1/127.0.0.1:16379
25-12-17.16:03:17.156 [main            ] INFO  EndpointLinksResolver  - Exposing 1 endpoint(s) beneath base path '/actuator'
25-12-17.16:03:17.230 [main            ] INFO  RaffleStrategyTest     - Started RaffleStrategyTest in 4.372 seconds (JVM running for 5.13)
25-12-17.16:03:19.188 [main            ] INFO  StrategyRepository     - storeStrategyAwardSearchTables set key: big_market_strategy_rate_range_key_100001
25-12-17.16:03:19.314 [main            ] INFO  HikariDataSource       - HikariPool-1 - Starting...
25-12-17.16:03:19.649 [main            ] INFO  HikariDataSource       - HikariPool-1 - Start completed.
25-12-17.16:03:19.679 [main            ] INFO  StrategyRepository     - storeStrategyAwardSearchTables set key: big_market_strategy_rate_range_key_100001_4000:102,103,104,105
25-12-17.16:03:19.681 [main            ] INFO  StrategyRepository     - storeStrategyAwardSearchTables set key: big_market_strategy_rate_range_key_100001_5000:102,103,104,105,106,107
25-12-17.16:03:19.685 [main            ] INFO  StrategyRepository     - storeStrategyAwardSearchTables set key: big_market_strategy_rate_range_key_100001_6000:102,103,104,105,106,107,108,109
25-12-17.16:03:19.773 [main            ] INFO  RaffleStrategyTest     - 测试结果：true
25-12-17.16:03:19.778 [main            ] INFO  StrategyRepository     - storeStrategyAwardSearchTables set key: big_market_strategy_rate_range_key_100006
25-12-17.16:03:19.780 [main            ] INFO  RaffleStrategyTest     - 测试结果：true
25-12-17.16:03:22.278 [main            ] INFO  StrategyRepository     - getRateRange get key: big_market_strategy_rate_range_key_100006, value: {}
25-12-17.16:03:22.281 [main            ] INFO  DefaultLogicChain      - 抽奖责任链 - 默认处理 userId: CongXinn strategyId: 100006, awardId: 102
25-12-17.16:03:22.282 [main            ] INFO  AbstractRaffleStrategy - 抽奖策略计算 - 责任链 CongXinn 100006 102 rule_default
25-12-17.16:05:12.785 [HikariPool-1 housekeeper] WARN  HikariPool             - HikariPool-1 - Thread starvation or clock leap detected (housekeeper delta=49s141ms409µs700ns).
25-12-17.16:05:12.832 [SpringApplicationShutdownHook] INFO  HikariDataSource       - HikariPool-1 - Shutdown initiated...
25-12-17.16:05:14.822 [SpringApplicationShutdownHook] INFO  HikariDataSource       - HikariPool-1 - Shutdown completed.
25-12-17.16:05:17.411 [main            ] INFO  RaffleStrategyTest     - Starting RaffleStrategyTest using Java 17.0.10 on LAPTOP-M7AUHHUL with PID 25412 (started by OMEN in E:\IDEA projects\big_market\big_market-app)
25-12-17.16:05:17.412 [main            ] INFO  RaffleStrategyTest     - The following 1 profile is active: "dev"
25-12-17.16:05:18.065 [main            ] INFO  RepositoryConfigurationDelegate - Multiple Spring Data modules found, entering strict repository configuration mode
25-12-17.16:05:18.067 [main            ] INFO  RepositoryConfigurationDelegate - Bootstrapping Spring Data Redis repositories in DEFAULT mode.
25-12-17.16:05:18.093 [main            ] INFO  RepositoryConfigurationDelegate - Finished Spring Data repository scanning in 14 ms. Found 0 Redis repository interfaces.
25-12-17.16:05:19.089 [main            ] INFO  Version                - Redisson 3.23.4
25-12-17.16:05:19.388 [redisson-netty-2-4] INFO  MasterPubSubConnectionPool - 1 connections initialized for 127.0.0.1/127.0.0.1:16379
25-12-17.16:05:19.402 [redisson-netty-2-13] INFO  MasterConnectionPool   - 5 connections initialized for 127.0.0.1/127.0.0.1:16379
25-12-17.16:05:21.393 [main            ] INFO  EndpointLinksResolver  - Exposing 1 endpoint(s) beneath base path '/actuator'
25-12-17.16:05:21.529 [main            ] INFO  RaffleStrategyTest     - Started RaffleStrategyTest in 4.535 seconds (JVM running for 5.321)
25-12-17.16:05:23.121 [main            ] INFO  StrategyRepository     - storeStrategyAwardSearchTables set key: big_market_strategy_rate_range_key_100001
25-12-17.16:05:23.242 [main            ] INFO  HikariDataSource       - HikariPool-1 - Starting...
25-12-17.16:05:23.585 [main            ] INFO  HikariDataSource       - HikariPool-1 - Start completed.
25-12-17.16:05:23.613 [main            ] INFO  StrategyRepository     - storeStrategyAwardSearchTables set key: big_market_strategy_rate_range_key_100001_4000:102,103,104,105
25-12-17.16:05:23.616 [main            ] INFO  StrategyRepository     - storeStrategyAwardSearchTables set key: big_market_strategy_rate_range_key_100001_5000:102,103,104,105,106,107
25-12-17.16:05:23.619 [main            ] INFO  StrategyRepository     - storeStrategyAwardSearchTables set key: big_market_strategy_rate_range_key_100001_6000:102,103,104,105,106,107,108,109
25-12-17.16:05:23.706 [main            ] INFO  RaffleStrategyTest     - 测试结果：true
25-12-17.16:05:23.710 [main            ] INFO  StrategyRepository     - storeStrategyAwardSearchTables set key: big_market_strategy_rate_range_key_100006
25-12-17.16:05:23.712 [main            ] INFO  RaffleStrategyTest     - 测试结果：true
25-12-17.16:05:26.096 [main            ] INFO  StrategyRepository     - getRateRange get key: big_market_strategy_rate_range_key_100006, value: {}
25-12-17.16:05:26.099 [main            ] INFO  DefaultLogicChain      - 抽奖责任链 - 默认处理 userId: CongXinn strategyId: 100006, awardId: 102
25-12-17.16:05:26.100 [main            ] INFO  AbstractRaffleStrategy - 抽奖策略计算 - 责任链 CongXinn 100006 102 rule_default
25-12-17.16:06:46.339 [HikariPool-1 housekeeper] WARN  HikariPool             - HikariPool-1 - Thread starvation or clock leap detected (housekeeper delta=1m22s641ms362µs).
25-12-17.16:08:45.532 [HikariPool-1 housekeeper] WARN  HikariPool             - HikariPool-1 - Thread starvation or clock leap detected (housekeeper delta=1m27s386ms754µs200ns).
25-12-17.16:08:45.585 [SpringApplicationShutdownHook] INFO  HikariDataSource       - HikariPool-1 - Shutdown initiated...
25-12-17.16:08:45.604 [SpringApplicationShutdownHook] INFO  HikariDataSource       - HikariPool-1 - Shutdown completed.
